Microchip MPLAB XC8 Compiler V3.00

Linker command line:

-W-3 \
  --edf=C:\Program Files\Microchip\xc8\v3.00\pic\dat\20241204225717_en.msgs \
  -cn -h+dist/default/debug\Encoder_AD9859.X.debug.sym \
  --cmf=dist/default/debug\Encoder_AD9859.X.debug.cmf -z -Q16F628A \
  -oC:\Users\aless\AppData\Local\Temp\xcAs40s.\driver_tmp_3.o \
  --defsym=__MPLAB_BUILD=1 --fixupoverflow=error \
  -Mdist/default/debug/Encoder_AD9859.X.debug.map \
  --md=C:\Users\aless\AppData\Local\Temp\xcAs40s.\driver_tmp_0.dat -E1 \
  -ver=XC8 Compiler -ACODE=00h-07FFh -ASTRCODE=00h-07FFh \
  -ASTRING=00h-0FFhx8 -ACONST=00h-0FFhx8 -AENTRY=00h-0FFhx8 \
  -ACOMMON=070h-07Fh -ABANK0=020h-06Fh -ABANK1=0A0h-0EFh \
  -ABANK2=0120h-014Fh -ARAM=020h-06Fh,0A0h-0EFh,0120h-014Fh \
  -AABS1=020h-07Fh,0A0h-0EFh,0120h-014Fh -ASFR0=00h-01Fh -ASFR1=080h-09Fh \
  -ASFR2=0100h-011Fh -ASFR3=0180h-01EFh -ACONFIG=02007h-02007h -DCONFIG=2 \
  -AIDLOC=02000h-02003h -DIDLOC=2 -AEEDATA=00h-07Fh/02100h \
  -peeprom_data=EEDATA -DEEDATA=2 -DCODE=2 -DSTRCODE=2 -DSTRING=2 -DCONST=2 \
  -DENTRY=2 -preset_vec=00h,intentry=04h,sivt,init,end_init -ppowerup=CODE \
  -pcinit=CODE -pfunctab=ENTRY -k \
  C:\Users\aless\AppData\Local\Temp\xcAs40s.\driver_tmp_12.o \
  dist/default/debug\Encoder_AD9859.X.debug.o 

Object code version is 3.11

Machine type is 16F628A



                Name                               Link     Load   Length Selector   Space Scale
C:\Users\aless\AppData\Local\Temp\xcAs40s.\driver_tmp_12.o
                end_init                              A        A        1        8       0
                reset_vec                             0        0        1        0       0
                config                             2007     2007        1        0       4
dist/default/debug\Encoder_AD9859.X.debug.o
                cinit                                 B        B       12        8       0
                intentry                              4        4        6        8       0
                config                             2007     2007        1        0       4
                text6                               1AE      1AE       1F        8       0
                text5                               1CD      1CD       1C        8       0
                text4                               18E      18E       20        8       0
                text3                               131      131       3D        8       0
                text2                                E9       E9       48        8       0
                text1                               1F8      1F8        B        8       0
                maintext                             1D       1D       CC        8       0
                cstackBANK0                          40       40        E       20       1
                cstackCOMMON                         70       70        9       70       1
                inittext                            1E9      1E9        F        8       0
                dataBANK0                            20       20       20       20       1
                bssBANK0                             4E       4E        2       20       1
                dataCOMMON                           7B       7B        1       70       1
                bssCOMMON                            79       79        2       70       1
                idataBANK0                          16E      16E       20        8       0
                idataCOMMON                         203      203        1        8       0

TOTAL           Name                               Link     Load   Length     Space
        CLASS   CODE           
                end_init                              A        A        1         0
                cinit                                 B        B       12         0
                intentry                              4        4        6         0
                reset_vec                             0        0        1         0
                text6                               1AE      1AE       1F         0
                text5                               1CD      1CD       1C         0
                text4                               18E      18E       20         0
                text3                               131      131       3D         0
                text2                                E9       E9       48         0
                text1                               1F8      1F8        B         0
                maintext                             1D       1D       CC         0
                inittext                            1E9      1E9        F         0
                idataBANK0                          16E      16E       20         0
                idataCOMMON                         203      203        1         0

        CLASS   STRCODE        

        CLASS   STRING         

        CLASS   CONST          

        CLASS   ENTRY          

        CLASS   COMMON         
                cstackCOMMON                         70       70        9         1
                dataCOMMON                           7B       7B        1         1
                bssCOMMON                            79       79        2         1

        CLASS   BANK0          
                cstackBANK0                          40       40        E         1
                dataBANK0                            20       20       20         1
                bssBANK0                             4E       4E        2         1

        CLASS   BANK1          

        CLASS   BANK2          

        CLASS   RAM            

        CLASS   ABS1           
                abs_s1                               7E       7E        2         1

        CLASS   SFR0           

        CLASS   SFR1           

        CLASS   SFR2           

        CLASS   SFR3           

        CLASS   CONFIG         
                config                             2007     2007        1         4

        CLASS   IDLOC          

        CLASS   EEDATA         

        CLASS   BANK3          

        CLASS   HEAP           

        CLASS   STACK          



SEGMENTS        Name                           Load    Length   Top    Selector   Space  Class     Delta

                reset_vec                      000000  000001  000001         0       0  CODE        2
                intentry                       000004  000200  000204         8       0  CODE        2
                dataBANK0                      000020  000030  000050        20       1  BANK0       1
                cstackCOMMON                   000070  00000C  00007C        70       1  COMMON      1


UNUSED ADDRESS RANGES

        Name                Unused          Largest block    Delta
        BANK0            0050-006F             20           1
        BANK1            00A0-00EF             50           1
        BANK2            0120-014F             30           1
        CODE             0001-0003              3           2
                         0204-07FF            5FC
        COMMON           007C-007D              2           1
        CONST            0001-0003              3           2
                         0204-07FF            100
        EEDATA           2100-217F             80           2
        ENTRY            0001-0003              3           2
                         0204-07FF            100
        IDLOC            2000-2003              4           2
        RAM              0050-006F             20           1
                         00A0-00EF             50
                         0120-014F             30
        SFR0             0000-001F             20           1
        SFR1             0080-009F             20           1
        SFR2             0100-011F             20           1
        SFR3             0180-01EF             70           1
        STRCODE          0001-0003              3           2
                         0204-07FF            5FC
        STRING           0001-0003              3           2
                         0204-07FF            100

                                  Symbol Table

?___lmul                    cstackBANK0  0040
DDS_SetFrequency@frequency  cstackBANK0  0040
DDS_SetFrequency@i          cstackBANK0  004D
DDS_SetFrequency@tuningWord cstackBANK0  0049
_CMCON                      (abs)        001F
_DDS_Reset                  text5        01CD
_DDS_SetFrequency           text3        0131
_GIE                        (abs)        005F
_INTE                       (abs)        005C
_INTEDG                     (abs)        040E
_INTF                       (abs)        0059
_ISR_Handler                text6        01AE
_PORTAbits                  (abs)        0005
_PORTBbits                  (abs)        0006
_RB5                        (abs)        0035
_TRISA                      (abs)        0085
_TRISB                      (abs)        0086
__H__absolute__             __absolute__ 0000
__Habs1                     abs1         0000
__Hbank0                    bank0        0000
__Hbank1                    bank1        0000
__Hbank2                    bank2        0000
__Hbank3                    bank3        0000
__HbssBANK0                 bssBANK0     0000
__HbssCOMMON                bssCOMMON    0000
__Hcinit                    cinit        001D
__Hclrtext                  clrtext      0000
__Hcode                     code         0000
__Hcommon                   common       0000
__Hconfig                   config       2008
__HcstackBANK0              cstackBANK0  0000
__HcstackCOMMON             cstackCOMMON 0000
__HdataBANK0                dataBANK0    0000
__HdataCOMMON               dataCOMMON   0000
__Heeprom_data              eeprom_data  0000
__Hend_init                 end_init     000B
__Hfunctab                  functab      0000
__Hheap                     heap         0000
__HidataBANK0               idataBANK0   0000
__HidataCOMMON              idataCOMMON  0000
__Hinit                     init         000A
__Hinittext                 inittext     0000
__Hintentry                 intentry     000A
__Hmaintext                 maintext     0000
__Hpowerup                  powerup      0000
__Hram                      ram          0000
__Hreset_vec                reset_vec    0001
__Hsfr0                     sfr0         0000
__Hsfr1                     sfr1         0000
__Hsfr2                     sfr2         0000
__Hsfr3                     sfr3         0000
__Hsivt                     sivt         000A
__Hspace_0                  (abs)        0204
__Hspace_1                  (abs)        007C
__Hspace_2                  (abs)        0000
__Hspace_3                  (abs)        0000
__Hspace_4                  (abs)        400F
__Hstack                    stack        0000
__Hstrings                  strings      0000
__Htext                     text         0000
__L__absolute__             __absolute__ 0000
__Labs1                     abs1         0000
__Lbank0                    bank0        0000
__Lbank1                    bank1        0000
__Lbank2                    bank2        0000
__Lbank3                    bank3        0000
__LbssBANK0                 bssBANK0     0000
__LbssCOMMON                bssCOMMON    0000
__Lcinit                    cinit        000B
__Lclrtext                  clrtext      0000
__Lcode                     code         0000
__Lcommon                   common       0000
__Lconfig                   config       0000
__LcstackBANK0              cstackBANK0  0000
__LcstackCOMMON             cstackCOMMON 0000
__LdataBANK0                dataBANK0    0000
__LdataCOMMON               dataCOMMON   0000
__Leeprom_data              eeprom_data  0000
__Lend_init                 end_init     000A
__Lfunctab                  functab      0000
__Lheap                     heap         0000
__LidataBANK0               idataBANK0   0000
__LidataCOMMON              idataCOMMON  0000
__Linit                     init         000A
__Linittext                 inittext     0000
__Lintentry                 intentry     0004
__Lmaintext                 maintext     0000
__Lpowerup                  powerup      0000
__Lram                      ram          0000
__Lreset_vec                reset_vec    0000
__Lsfr0                     sfr0         0000
__Lsfr1                     sfr1         0000
__Lsfr2                     sfr2         0000
__Lsfr3                     sfr3         0000
__Lsivt                     sivt         000A
__Lspace_0                  (abs)        0000
__Lspace_1                  (abs)        0000
__Lspace_2                  (abs)        0000
__Lspace_3                  (abs)        0000
__Lspace_4                  (abs)        0000
__Lstack                    stack        0000
__Lstrings                  strings      0000
__Ltext                     text         0000
__S0                        (abs)        0204
__S1                        (abs)        007C
__S3                        (abs)        0000
___heap_hi                  (abs)        0000
___heap_lo                  (abs)        0000
___int_sp                   stack        0000
___int_stack_hi             stack        0000
___int_stack_lo             stack        0000
___latbits                  (abs)        0000
___lmul                     text2        00E9
___lmul@multiplicand        cstackBANK0  0044
___lmul@multiplier          cstackBANK0  0040
___lmul@product             cstackCOMMON 0073
___sp                       stack        0000
___stack_hi                 stack        0000
___stack_lo                 stack        0000
___stackhi                  (abs)        0000
___stacklo                  (abs)        0000
__end_of_DDS_Reset          text5        01E9
__end_of_DDS_SetFrequency   text3        016E
__end_of_ISR_Handler        text6        01CD
__end_of___lmul             text2        0131
__end_of__initialization    cinit        001B
__end_of_init_ports         text1        0203
__end_of_main               maintext     00E9
__end_of_pulse_byte         text4        01AE
__initialization            cinit        000B
__pbssBANK0                 bssBANK0     004E
__pbssCOMMON                bssCOMMON    0079
__pcstackBANK0              cstackBANK0  0040
__pcstackCOMMON             cstackCOMMON 0070
__pdataBANK0                dataBANK0    0020
__pdataCOMMON               dataCOMMON   007B
__pidataBANK0               idataBANK0   016E
__pidataCOMMON              idataCOMMON  0203
__pintentry                 intentry     0004
__pmaintext                 maintext     001D
__ptext1                    text1        01F8
__ptext2                    text2        00E9
__ptext3                    text3        0131
__ptext4                    text4        018E
__ptext5                    text5        01CD
__ptext6                    text6        01AE
_currentFreq                dataBANK0    003C
_currentIncrementIndex      dataCOMMON   007B
_encoder_counter            bssCOMMON    0079
_incrementValues            dataBANK0    0020
_init_ports                 text1        01F8
_last_encoder_value         bssBANK0     004E
_main                       maintext     001D
_pulse_byte                 text4        018E
btemp                       (abs)        007E
end_of_initialization       cinit        001B
init_fetch0                 inittext     01E9
init_ram0                   inittext     01ED
interrupt_function          intentry     0004
intlevel0                   functab      0000
intlevel1                   functab      0000
intlevel2                   functab      0000
intlevel3                   functab      0000
intlevel4                   functab      0000
intlevel5                   functab      0000
pulse_byte@data             cstackCOMMON 0074
pulse_byte@i                cstackCOMMON 0075
reset_vec                   reset_vec    0000
saved_w                     (abs)        007E
start                       init         000A
start_initialization        cinit        000B
wtemp0                      (abs)        007E


MODULE INFORMATION

Module		Function		Class		Link	Load	Size
C:\Program Files\Microchip\xc8\v3.00\pic\sources\c99\common\Umul32.c
		___lmul        		CODE           	00E9	0000	72

C:\Program Files\Microchip\xc8\v3.00\pic\sources\c99\common\Umul32.c estimated size: 72

shared
		__initialization		CODE           	000B	0000	16

shared estimated size: 16

main.c
		_DDS_SetFrequency		CODE           	0131	0000	61
		_main          		CODE           	001D	0000	204
		_init_ports    		CODE           	01F8	0000	11
		_ISR_Handler   		CODE           	01AE	0000	31
		_pulse_byte    		CODE           	018E	0000	32
		_DDS_Reset     		CODE           	01CD	0000	28

main.c estimated size: 367

